GAMS 41.1.0  1682d454 Oct 28, 2022          WEX-WEI x86 64bit/MS Windows - 11/12/22 12:46:23 Page 1
G e n e r a l   A l g e b r a i c   M o d e l i n g   S y s t e m
C o m p i l a t i o n


   1  Sets
   2  j products /milk, kefir, sour, coctail/
   3  r all /cost, sugar, line1, line2/
   4  i(r) prms /cost, sugar/
   5  k(r) lines /line1, line2/;
   6   
   7  Parameters
   8   
   9  C(j) price /
  10      milk  2.4,
  11      kefir 2.7,
  12      sour 13.8,
  13      coctail 2.050
  14   /
  15  B(i) limit /
  16      cost 140,
  17      sugar 0.6
  18   /
  19  L(k) lines /
  20      line1 21,
  21      line2 16
  22  /;
  23   
  24   
  25  Table A(i,j) production per hour
  26              milk    kefir   sour    coctail
  27  cost        1.01    1.01    9.45    0.95
  28  sugar       0       0       0       0.04;
  29   
  30  Table G(k,j) production per hour
  31              milk    kefir   sour    coctail
  32  line1       5       6       0       0.5
  33  line2       0       0       0.3     0;
  34   
  35   
  36   
  37  variables f;
  38   
  39   
  40  positive variables x(j);
  41   
  42  equations
  43   
  44  obj(r) object
  45  restrictionsA(i) restricitons
  46  dailyHour(k) lines;
  47   
  48  obj(r).. f =e= sum(j,C(j)*x(j));
  49  restrictionsA(i).. sum(j, A(i,j) * x(j)) =l= B(i);
  50  dailyHour(k).. sum(j$(G(k,j) ne 0), x(j)/G(k,j)) =l= L(k);
  51   
  52  model Fmax /all/;
  53   
  54  options lp = Cplex;
  55   
  56  solve Fmax using lp maximising f;
  57   


COMPILATION TIME     =        0.000 SECONDS      3 MB  41.1.0 1682d454 WEX-WEI
GAMS 41.1.0  1682d454 Oct 28, 2022          WEX-WEI x86 64bit/MS Windows - 11/12/22 12:46:23 Page 2
G e n e r a l   A l g e b r a i c   M o d e l i n g   S y s t e m
Equation Listing    SOLVE Fmax Using LP From line 56


---- obj  =E=  object

obj(cost)..  f - 2.4*x(milk) - 2.7*x(kefir) - 13.8*x(sour) - 2.05*x(coctail) =E= 0 ; (LHS = 0)
     
obj(sugar)..  f - 2.4*x(milk) - 2.7*x(kefir) - 13.8*x(sour) - 2.05*x(coctail) =E= 0 ; (LHS = 0)
     
obj(line1)..  f - 2.4*x(milk) - 2.7*x(kefir) - 13.8*x(sour) - 2.05*x(coctail) =E= 0 ; (LHS = 0)
     
REMAINING ENTRY SKIPPED


---- restrictionsA  =L=  restricitons

restrictionsA(cost)..  1.01*x(milk) + 1.01*x(kefir) + 9.45*x(sour) + 0.95*x(coctail) =L= 140 ; (LHS = 0)
     
restrictionsA(sugar)..  0.04*x(coctail) =L= 0.6 ; (LHS = 0)
     

---- dailyHour  =L=  lines

dailyHour(line1)..  0.2*x(milk) + 0.166666666666667*x(kefir) + 2*x(coctail) =L= 21 ; (LHS = 0)
     
dailyHour(line2)..  3.33333333333333*x(sour) =L= 16 ; (LHS = 0)
     
GAMS 41.1.0  1682d454 Oct 28, 2022          WEX-WEI x86 64bit/MS Windows - 11/12/22 12:46:23 Page 3
G e n e r a l   A l g e b r a i c   M o d e l i n g   S y s t e m
Column Listing      SOLVE Fmax Using LP From line 56


---- f  

f
                (.LO, .L, .UP, .M = -INF, 0, +INF, 0)
        1       obj(cost)
        1       obj(sugar)
        1       obj(line1)
        1       obj(line2)


---- x  

x(milk)
                (.LO, .L, .UP, .M = 0, 0, +INF, 0)
       -2.4     obj(cost)
       -2.4     obj(sugar)
       -2.4     obj(line1)
       -2.4     obj(line2)
        1.01    restrictionsA(cost)
        0.2     dailyHour(line1)

x(kefir)
                (.LO, .L, .UP, .M = 0, 0, +INF, 0)
       -2.7     obj(cost)
       -2.7     obj(sugar)
       -2.7     obj(line1)
       -2.7     obj(line2)
        1.01    restrictionsA(cost)
        0.1667  dailyHour(line1)

x(sour)
                (.LO, .L, .UP, .M = 0, 0, +INF, 0)
      -13.8     obj(cost)
      -13.8     obj(sugar)
      -13.8     obj(line1)
      -13.8     obj(line2)
        9.45    restrictionsA(cost)
        3.3333  dailyHour(line2)

REMAINING ENTRY SKIPPED
GAMS 41.1.0  1682d454 Oct 28, 2022          WEX-WEI x86 64bit/MS Windows - 11/12/22 12:46:23 Page 4
G e n e r a l   A l g e b r a i c   M o d e l i n g   S y s t e m
Range Statistics    SOLVE Fmax Using LP From line 56


RANGE STATISTICS (ABSOLUTE NON-ZERO FINITE VALUES)

RHS       [min, max] : [ 6.000E-01, 1.400E+02] - Zero values observed as well
Bound     [min, max] : [        NA,        NA] - Zero values observed as well
Matrix    [min, max] : [ 4.000E-02, 1.380E+01]

GAMS 41.1.0  1682d454 Oct 28, 2022          WEX-WEI x86 64bit/MS Windows - 11/12/22 12:46:23 Page 5
G e n e r a l   A l g e b r a i c   M o d e l i n g   S y s t e m
Model Statistics    SOLVE Fmax Using LP From line 56


MODEL STATISTICS

BLOCKS OF EQUATIONS           3     SINGLE EQUATIONS            8
BLOCKS OF VARIABLES           2     SINGLE VARIABLES            5
NON ZERO ELEMENTS            29


GENERATION TIME      =        0.047 SECONDS      4 MB  41.1.0 1682d454 WEX-WEI
GAMS 41.1.0  1682d454 Oct 28, 2022          WEX-WEI x86 64bit/MS Windows - 11/12/22 12:46:23 Page 6
G e n e r a l   A l g e b r a i c   M o d e l i n g   S y s t e m
Solution Report     SOLVE Fmax Using LP From line 56


               S O L V E      S U M M A R Y

     MODEL   Fmax                OBJECTIVE  f
     TYPE    LP                  DIRECTION  MAXIMIZE
     SOLVER  CPLEX               FROM LINE  56

**** SOLVER STATUS     1 Normal Completion
**** MODEL STATUS      1 Optimal
**** OBJECTIVE VALUE              358.8044

 RESOURCE USAGE, LIMIT          0.016 10000000000.000
 ITERATION COUNT, LIMIT         5    2147483647
--- *** This solver runs with a demo license. No commercial use.
--- GMO setup time: 0.00s
--- GMO memory 0.50 Mb (peak 0.50 Mb)
--- Dictionary memory 0.00 Mb
--- Cplex 22.1.0.0 link memory 0.00 Mb (peak 0.00 Mb)
--- Starting Cplex


--- LP status (1): optimal.
--- Cplex Time: 0.02sec (det. 0.01 ticks)


Optimal solution found
Objective:          358.804444


---- EQU obj  object

             LOWER          LEVEL          UPPER         MARGINAL

cost           .              .              .             1.0000      
sugar          .              .              .              .          
line1          .              .              .              .          
line2          .              .              .              .          

---- EQU restrictionsA  restricitons

             LOWER          LEVEL          UPPER         MARGINAL

cost         -INF          140.0000       140.0000         1.4603      
sugar        -INF             .             0.6000          .          

---- EQU dailyHour  lines

             LOWER          LEVEL          UPPER         MARGINAL

line1        -INF           21.0000        21.0000         7.3505      
line2        -INF            4.4938        16.0000          .          

                           LOWER          LEVEL          UPPER         MARGINAL

---- VAR f                 -INF          358.8044        +INF             .          

---- VAR x  

               LOWER          LEVEL          UPPER         MARGINAL

milk             .              .            +INF           -0.5450      
kefir            .           126.0000        +INF             .          
sour             .             1.3481        +INF             .          
coctail          .              .            +INF          -14.0383      


**** REPORT SUMMARY :        0     NONOPT
                             0 INFEASIBLE
                             0  UNBOUNDED


EXECUTION TIME       =        0.110 SECONDS      4 MB  41.1.0 1682d454 WEX-WEI


USER: GAMS Demo license for kirill kuznetsov         G221112|0002CO-GEN
      timka, Greenland                                         DL079049


**** FILE SUMMARY

Input      C:\Users\14kra\OneDrive\Documents\GAMS\Studio\workspace\new2.gms
Output     C:\Users\14kra\OneDrive\Documents\GAMS\Studio\workspace\new2.lst
